// Jest Snapshot v1, https://goo.gl/fbAQLP

exports[`HourlyForecast renders correctly 1`] = `
<div>
  <div
    class="css-0"
  >
    <div
      class="css-1om7uec"
    >
      <div
        class="css-0"
        data-testid="custom-scrollbars-content"
      >
        <div
          class="css-q2pi1i"
        />
      </div>
    </div>
    <div
      class="css-fxumzl"
    >
      <div
        class="chakra-slider css-1t1xvy7"
        style="position: relative; user-select: none; outline: 0; padding-top: 0px; padding-bottom: 0px;"
        tabindex="-1"
      >
        <div
          class="chakra-slider__track css-wdvtf3"
          id="slider-track-:r0:"
          style="position: absolute; top: 50%; transform: translateY(-50%); width: 100%;"
        />
        <div
          aria-label="slider-ex-4"
          aria-orientation="horizontal"
          aria-valuemax="100"
          aria-valuemin="0"
          aria-valuenow="0"
          class="chakra-slider__thumb css-q2lm97"
          id="slider-thumb-:r0:"
          role="slider"
          style="position: absolute; user-select: none; left: calc(0% - 0px);"
          tabindex="0"
        >
          <svg
            class="css-f7nfc1"
            fill="currentColor"
            height="1em"
            stroke="currentColor"
            stroke-width="0"
            viewBox="0 0 24 24"
            width="1em"
            xmlns="http://www.w3.org/2000/svg"
          >
            <path
              d="M0 0h24v24H0z"
              fill="none"
            />
            <path
              d="M7 18h2V6H7v12zm4 4h2V2h-2v20zm-8-8h2v-4H3v4zm12 4h2V6h-2v12zm4-8v4h2v-4h-2z"
            />
          </svg>
        </div>
        <input
          type="hidden"
          value="0"
        />
      </div>
    </div>
  </div>
  <span
    hidden=""
    id="__chakra_env"
  />
</div>
`;
